Flutter crash report.
Please report a bug at https://github.com/flutter/flutter/issues.

## command

flutter build hap

## exception

PathNotFoundException: PathNotFoundException: Cannot open file, path = '/Users/yangyang/Desktop/multi-platform/modules/flutter_module/.ohos/build-profile.json5' (OS Error: No such file or directory, errno = 2)

```
#0      _File.throwIfError (dart:io/file_impl.dart:629:7)
#1      _File.openSync (dart:io/file_impl.dart:473:5)
#2      _File.readAsBytesSync (dart:io/file_impl.dart:533:18)
#3      _File.readAsStringSync (dart:io/file_impl.dart:578:18)
#4      ForwardingFile.readAsStringSync (package:file/src/forwarding/forwarding_file.dart:99:16)
#5      ErrorHandlingFile.readAsStringSync.<anonymous closure> (package:flutter_tools/src/base/error_handling_io.dart:222:22)
#6      _runSync (package:flutter_tools/src/base/error_handling_io.dart:600:14)
#7      ErrorHandlingFile.readAsStringSync (package:flutter_tools/src/base/error_handling_io.dart:221:12)
#8      OhosProject.flutterModuleDirectory (package:flutter_tools/src/project.dart:918:35)
#9      OhosProject.flutterModulePackageFile (package:flutter_tools/src/project.dart:1055:7)
#10     checkOhosPluginsDependencies (package:flutter_tools/src/ohos/ohos_plugins_manager.dart:27:48)
<asynchronous suspension>
#11     _writeOhosPluginRegistrant (package:flutter_tools/src/flutter_plugins.dart:902:3)
<asynchronous suspension>
#12     injectPlugins (package:flutter_tools/src/flutter_plugins.dart:1230:5)
<asynchronous suspension>
#13     FlutterProject.ensureReadyForPlatformSpecificTooling (package:flutter_tools/src/project.dart:409:5)
<asynchronous suspension>
#14     FlutterCommand.verifyThenRunCommand (package:flutter_tools/src/runner/flutter_command.dart:1412:7)
<asynchronous suspension>
#15     FlutterCommand.run.<anonymous closure> (package:flutter_tools/src/runner/flutter_command.dart:1257:27)
<asynchronous suspension>
#16     AppContext.run.<anonymous closure> (package:flutter_tools/src/base/context.dart:150:19)
<asynchronous suspension>
#17     CommandRunner.runCommand (package:args/command_runner.dart:209:13)
<asynchronous suspension>
#18     FlutterCommandRunner.runCommand.<anonymous closure> (package:flutter_tools/src/runner/flutter_command_runner.dart:283:9)
<asynchronous suspension>
#19     AppContext.run.<anonymous closure> (package:flutter_tools/src/base/context.dart:150:19)
<asynchronous suspension>
#20     FlutterCommandRunner.runCommand (package:flutter_tools/src/runner/flutter_command_runner.dart:229:5)
<asynchronous suspension>
#21     run.<anonymous closure>.<anonymous closure> (package:flutter_tools/runner.dart:64:9)
<asynchronous suspension>
#22     AppContext.run.<anonymous closure> (package:flutter_tools/src/base/context.dart:150:19)
<asynchronous suspension>
#23     main (package:flutter_tools/executable.dart:91:3)
<asynchronous suspension>
```

## flutter doctor

```
[33m[!][39m Flutter (Channel master, 3.7.12-ohos-1.1.1, on macOS 15.6 24G5054d darwin-arm64, locale zh-Hans-CN)
    [32m•[39m Flutter version 3.7.12-ohos-1.1.1 on channel master at /Users/yangyang/Desktop/flutter_flutter
    [33m![39m Upstream repository http://gitcode.com/openharmony-tpc/flutter_flutter.git is not a standard remote.
      Set environment variable "FLUTTER_GIT_URL" to http://gitcode.com/openharmony-tpc/flutter_flutter.git to dismiss this error.
    [32m•[39m Framework revision 7d3df0efd8 (7 weeks ago), 2025-05-27 20:08:03 +0800
    [32m•[39m Engine revision 1a65d409c7
    [32m•[39m Dart version 2.19.6
    [32m•[39m DevTools version 2.20.0
    [32m•[39m Pub download mirror https://pub.flutter-io.cn
    [32m•[39m Flutter download mirror https://storage.flutter-io.cn
    [32m•[39m If those were intentional, you can disregard the above warnings; however it is recommended to use "git" directly to perform update checks and upgrades.

[32m[✓][39m HarmonyOS toolchain - develop for HarmonyOS devices
    [32m•[39m OpenHarmony Sdk at /Applications/DevEco-Studio.app/Contents/sdk, available api versions has [16:default]
    [32m•[39m Ohpm version 5.0.13
    [32m•[39m Node version v23.10.0
    [32m•[39m Hvigorw binary at /Applications/DevEco-Studio.app/Contents/tools/hvigor/bin/hvigorw

[33m[!][39m Android toolchain - develop for Android devices (Android SDK version 35.0.1)
    [32m•[39m Android SDK at /Users/yangyang/Library/Android/sdk
    [32m•[39m Platform android-35, build-tools 35.0.1
    [32m•[39m ANDROID_HOME = /Users/yangyang/Library/Android/sdk
    [32m•[39m Java binary at: /Library/Java/JavaVirtualMachines/jdk-17.jdk/Contents/Home/bin/java
    [32m•[39m Java version Java(TM) SE Runtime Environment (build 17.0.15+9-LTS-241)
    [33m![39m Some Android licenses not accepted. To resolve this, run: flutter doctor --android-licenses

[33m[!][39m Xcode - develop for iOS and macOS (Xcode 16.4)
    [32m•[39m Xcode at /Applications/Xcode.app/Contents/Developer
    [32m•[39m Build 16F6
    [31m✗[39m CocoaPods not installed.
        CocoaPods is used to retrieve the iOS and macOS platform side's plugin code that responds to your plugin usage on the Dart side.
        Without CocoaPods, plugins will not work on iOS or macOS.
        For more info, see https://flutter.dev/platform-plugins
      To install see https://guides.cocoapods.org/using/getting-started.html#installation for instructions.

[32m[✓][39m Chrome - develop for the web
    [32m•[39m Chrome at /Applications/Google Chrome.app/Contents/MacOS/Google Chrome

[33m[!][39m Android Studio (version 2024.2)
    [32m•[39m Android Studio at /Users/yangyang/Applications/Android Studio.app/Contents
    [32m•[39m Flutter plugin can be installed from:
      🔨 https://plugins.jetbrains.com/plugin/9212-flutter
    [32m•[39m Dart plugin can be installed from:
      🔨 https://plugins.jetbrains.com/plugin/6351-dart
    [31m✗[39m Unable to find bundled Java version.
    [32m•[39m Try updating or re-installing Android Studio.

[32m[✓][39m VS Code (version 1.101.2)
    [32m•[39m VS Code at /Applications/Visual Studio Code.app/Contents
    [32m•[39m Flutter extension can be installed from:
      🔨 https://marketplace.visualstudio.com/items?itemName=Dart-Code.flutter

[32m[✓][39m Connected device (3 available)
    [32m•[39m 127.0.0.1:5555 (mobile) • 127.0.0.1:5555 • ohos-arm64     • Ohos OpenHarmony-5.0.4.150 (API 16)
    [32m•[39m macOS (desktop)         • macos          • darwin-arm64   • macOS 15.6 24G5054d darwin-arm64
    [32m•[39m Chrome (web)            • chrome         • web-javascript • Google Chrome 138.0.7204.101

[32m[✓][39m HTTP Host Availability
    [32m•[39m All required HTTP hosts are available

[33m![39m Doctor found issues in 4 categories.
```
